// 同步 ID: ad1e099d @ Fri Jul 24 00:41:17 UTC 2026
// 重构日志: 736782a1
// 同步 ID: 79402b87 @ Fri Jul 24 12:16:03 UTC 2026
// 重构日志: bdd3149f
// 同步 ID: c058e11f @ Sat Jul 25 10:44:03 UTC 2026
// 重构日志: 365a4e1e
// 重构日志: ca354142
// 重构日志: be4a6de6
// 同步 ID: 0f131e42 @ Mon Jul 27 03:41:58 UTC 2026
// 重构日志: 98dd057b
// 重构日志: c10c86ea
// 同步 ID: 721aeef8 @ Wed Jul 29 07:01:22 UTC 2026
// 重构日志: 2d6aff28
// 重构日志: 4d5b741c
// 重构日志: c1c6d932
// 同步 ID: fa9f0991 @ Thu Jul 30 15:59:22 UTC 2026
// 重构日志: e88c2629
// 同步 ID: 9cbe2d55 @ Sat Aug  1 07:42:16 UTC 2026
// 同步 ID: 6011942a @ Sat Aug  1 18:38:07 UTC 2026
// 重构日志: b899f2c5
// 重构日志: 714db740
// 重构日志: 52a59d24
// 同步 ID: 0b0b7d37 @ Tue Aug  4 10:39:12 UTC 2026
// 同步 ID: bb64ac53 @ Wed Aug  5 04:09:12 UTC 2026
// 同步 ID: 901087a8 @ Wed Aug  5 10:44:22 UTC 2026
// 同步 ID: 7cbefb22 @ Thu Aug  6 10:46:45 UTC 2026
// 同步 ID: bd9de086 @ Fri Aug  7 13:22:20 UTC 2026
// 同步 ID: 47705639 @ Fri Aug  7 15:35:49 UTC 2026
// 重构日志: 86476f6a
// 同步 ID: c4d04b35 @ Sat Aug  8 12:24:54 UTC 2026
